// Jest Snapshot v1, https://goo.gl/fbAQLP

exports[`RENDERING - Shine should render with default props 1`] = `
<div
  className="Shine"
/>
`;
