// Jest Snapshot v1, https://goo.gl/fbAQLP

exports[`RENDERING - Separator should render with default props 1`] = `
<hr
  className="Separator"
/>
`;
