// Jest Snapshot v1, https://goo.gl/fbAQLP

exports[`RENDERING - Grid should render with default props 1`] = `
<div
  className="Grid___three Grid___rowGap___16"
>
  Test
</div>
`;
