// Jest Snapshot v1, https://goo.gl/fbAQLP

exports[`RENDERING - ProgressBar should render with default props 1`] = `
<progress
  className="ProgressBar"
  max={100}
  value={0}
/>
`;
