// Jest Snapshot v1, https://goo.gl/fbAQLP

exports[`RENDERING - Button > IconButton should render with default props 1`] = `
<button
  className="IconButton___solid___sm"
  data-test="button"
  disabled={false}
  id={null}
  onClick={[Function]}
  tabIndex={0}
  type="button"
>
  <Icon
    className="IconButton_icon"
    icon="test"
    id={null}
    isPulsating={false}
    style={null}
  />
</button>
`;
