// Jest Snapshot v1, https://goo.gl/fbAQLP

exports[`RENDERING - LatestExecutionList should render with default props 1`] = `
<Grid
  className={null}
  rowGap={16}
  type="one"
>
  <h1>
    Dummy Child1
  </h1>
  <p>
    Dummy Child2
  </p>
</Grid>
`;
